\BOOKMARK [-1][-]{part.1}{I\040Special\040Relativity}{}% 1
\BOOKMARK [0][-]{chapter.1}{Special\040Relativity}{part.1}% 2
\BOOKMARK [0][-]{chapter.2}{Special\040Relativity\040-\040Notes}{part.1}% 3
\BOOKMARK [1][-]{section.2.1}{Kinematics\040of\040point}{chapter.2}% 4
\BOOKMARK [1][-]{section.2.2}{Dynamics\040of\040a\040point\040mass}{chapter.2}% 5
\BOOKMARK [2][-]{subsection.2.2.1}{Lagrangian\040approach}{section.2.2}% 6
\BOOKMARK [1][-]{section.2.3}{Electromagnetism}{chapter.2}% 7
\BOOKMARK [2][-]{subsection.2.3.1}{Classical\040electromagnetic\040theory}{section.2.3}% 8
\BOOKMARK [3][-]{subsubsection*.4}{Maxwell\040equations}{subsection.2.3.1}% 9
\BOOKMARK [3][-]{subsubsection*.5}{Electromagnetic\040potentials}{subsection.2.3.1}% 10
\BOOKMARK [3][-]{subsubsection*.6}{Lorentz\040force}{subsection.2.3.1}% 11
\BOOKMARK [2][-]{subsection.2.3.2}{Electromagnetic\040potential}{section.2.3}% 12
\BOOKMARK [2][-]{subsection.2.3.3}{Electromagnetic\040field\040and\040electromagnetic\040field\040equations}{section.2.3}% 13
\BOOKMARK [2][-]{subsection.2.3.4}{Point\040particle\040in\040electromagnetic\040field}{section.2.3}% 14
\BOOKMARK [2][-]{subsection.2.3.5}{Energy\040balance}{section.2.3}% 15
\BOOKMARK [0][-]{chapter.3}{Inertial reference frames and Lorentz’s transformations}{part.1}% 16
\BOOKMARK [1][-]{section.3.1}{Lorentz’s transformations}{chapter.3}% 17
\BOOKMARK [2][-]{subsection.3.1.1}{Lorentz’s transformations in standard configuration}{section.3.1}% 18
\BOOKMARK [2][-]{subsection.3.1.2}{Lorentz’s transformation in general configuration}{section.3.1}% 19
\BOOKMARK [1][-]{section.3.2}{Transformation\040of\040vector\040components\040and\040vectors\040of\040the\040bases}{chapter.3}% 20
\BOOKMARK [1][-]{section.3.3}{Transformation\040of\040tensor\040components}{chapter.3}% 21
\BOOKMARK [0][-]{chapter.4}{Electromagnetism}{part.1}% 22
\BOOKMARK [-1][-]{part.2}{II\040General\040Relativity}{}% 23
\BOOKMARK [0][-]{chapter.5}{General\040Relativity}{part.2}% 24
\BOOKMARK [0][-]{chapter.6}{General\040Relativity\040-\040Notes}{part.2}% 25
\BOOKMARK [1][-]{section.6.1}{Differential\040Geometry}{chapter.6}% 26
\BOOKMARK [2][-]{subsection.6.1.1}{Gradient,\040covariant\040derivative\040and\040directional\040derivative}{section.6.1}% 27
\BOOKMARK [2][-]{subsection.6.1.2}{Curvature\040Tensor}{section.6.1}% 28
\BOOKMARK [3][-]{subsubsection*.7}{Ricci’s tensor}{subsection.6.1.2}% 29
\BOOKMARK [3][-]{subsubsection*.8}{Curvature\040scalar}{subsection.6.1.2}% 30
\BOOKMARK [3][-]{subsubsection*.9}{Properties}{subsection.6.1.2}% 31
\BOOKMARK [4][-]{paragraph*.10}{Divergence of Ricci’s tensor}{subsubsection*.9}% 32
\BOOKMARK [1][-]{section.6.2}{Einstein’s equation}{chapter.6}% 33
\BOOKMARK [2][-]{subsection.6.2.1}{Alternative expression of Einstein’s equations}{section.6.2}% 34
\BOOKMARK [2][-]{subsection.6.2.2}{Classical\040limit}{section.6.2}% 35
\BOOKMARK [1][-]{section.6.3}{Examples}{chapter.6}% 36
\BOOKMARK [2][-]{subsection.6.3.1}{Schwarzschild\040metrics}{section.6.3}% 37
\BOOKMARK [3][-]{subsubsection*.11}{Metric\040Ansatz\040&\040Symmetry\040Assumptions}{subsection.6.3.1}% 38
\BOOKMARK [3][-]{subsubsection*.12}{Christoffel\040Symbols}{subsection.6.3.1}% 39
\BOOKMARK [3][-]{subsubsection*.13}{Components\040of\040the\040Ricci\040Tensor}{subsection.6.3.1}% 40
\BOOKMARK [3][-]{subsubsection*.14}{Solving\040the\040Differential\040Equations}{subsection.6.3.1}% 41
\BOOKMARK [3][-]{subsubsection*.15}{Determining\040the\040Integration\040Constant\040C\040\(The\040Newtonian\040Limit\)}{subsection.6.3.1}% 42
\BOOKMARK [3][-]{subsubsection*.16}{Special\040Case:\040Complete\040Vacuum\040\(M\040=\0400\)}{subsection.6.3.1}% 43
\BOOKMARK [2][-]{subsection.6.3.2}{Planetary\040orbits\040in\040Schwarzschild\040spacetime}{section.6.3}% 44
\BOOKMARK [-1][-]{part.3}{III\040Statistical\040Mechanics}{}% 45
\BOOKMARK [0][-]{chapter.7}{Statistical\040Physics}{part.3}% 46
\BOOKMARK [0][-]{chapter.8}{Liouville\040theorem\040and\040Boltzmann\040equation}{part.3}% 47
\BOOKMARK [1][-]{section.8.1}{Liouville\040theorem}{chapter.8}% 48
\BOOKMARK [1][-]{section.8.2}{Boltzmann\040equation}{chapter.8}% 49
\BOOKMARK [1][-]{section.8.3}{H-theorem}{chapter.8}% 50
\BOOKMARK [0][-]{chapter.9}{Statistical\040Physics\040-\040Notes}{part.3}% 51
\BOOKMARK [1][-]{section.9.1}{Ensembles}{chapter.9}% 52
\BOOKMARK [1][-]{section.9.2}{Microcanonical\040ensemble}{chapter.9}% 53
\BOOKMARK [1][-]{section.9.3}{Canonical\040ensemble}{chapter.9}% 54
\BOOKMARK [1][-]{section.9.4}{Macrocanonical\040ensemble}{chapter.9}% 55
\BOOKMARK [1][-]{section.9.5}{Statistics}{chapter.9}% 56
\BOOKMARK [2][-]{subsection.9.5.1}{Boltzmann}{section.9.5}% 57
\BOOKMARK [2][-]{subsection.9.5.2}{Bose-Einstein}{section.9.5}% 58
\BOOKMARK [2][-]{subsection.9.5.3}{Fermi-Dirac}{section.9.5}% 59
\BOOKMARK [0][-]{chapter.10}{Statistical\040Physics\040-\040Statistics\040Miscellanea}{part.3}% 60
\BOOKMARK [0][-]{chapter.11}{Ising\040model}{part.3}% 61
\BOOKMARK [1][-]{section.11.1}{Ising\040model\040-\040Notes}{chapter.11}% 62
\BOOKMARK [2][-]{subsection.11.1.1}{Introduction}{section.11.1}% 63
\BOOKMARK [2][-]{subsection.11.1.2}{Time\040evolution}{section.11.1}% 64
\BOOKMARK [3][-]{subsubsection*.18}{Metropolis-Hastings}{subsection.11.1.2}% 65
\BOOKMARK [1][-]{section.11.2}{Markov\040processes}{chapter.11}% 66
\BOOKMARK [2][-]{subsection.11.2.1}{State\040transition\040matrix}{section.11.2}% 67
\BOOKMARK [2][-]{subsection.11.2.2}{Properties}{section.11.2}% 68
\BOOKMARK [3][-]{subsubsection*.19}{Eigenvalue s = 1, and stationary state  bold0mu mumu ππππππ}{subsection.11.2.2}% 69
\BOOKMARK [3][-]{subsubsection*.20}{Spectrum\040of\040the\040transition\040matrix\040and\040asymptotic\040behavior\040of\040the\040system}{subsection.11.2.2}% 70
\BOOKMARK [3][-]{subsubsection*.21}{Detailed\040balance}{subsection.11.2.2}% 71
\BOOKMARK [1][-]{section.11.3}{Ising\040model\040-\040Numerics}{chapter.11}% 72
\BOOKMARK [2][-]{subsection.11.3.1}{m ×n lattice}{section.11.3}% 73
\BOOKMARK [0][-]{chapter.12}{Entropy\040and\040arrow\040of\040time}{part.3}% 74
\BOOKMARK [1][-]{section.12.1}{Box\040occupation\040example}{chapter.12}% 75
\BOOKMARK [-1][-]{part.4}{IV\040Quantum\040Mechanics}{}% 76
\BOOKMARK [0][-]{chapter.13}{Quantum\040Mechanics}{part.4}% 77
\BOOKMARK [1][-]{section.13.1}{Mathematical\040tools\040for\040quantum\040mechanics}{chapter.13}% 78
\BOOKMARK [1][-]{section.13.2}{Postulates\040of\040Quantum\040Mechanics}{chapter.13}% 79
\BOOKMARK [1][-]{section.13.3}{Non-relativistic\040Mechanics}{chapter.13}% 80
\BOOKMARK [2][-]{subsection.13.3.1}{Wave\040function}{section.13.3}% 81
\BOOKMARK [2][-]{subsection.13.3.2}{Operators\040and\040Observables}{section.13.3}% 82
\BOOKMARK [2][-]{subsection.13.3.3}{Space\040and\040Momentum\040Representation}{section.13.3}% 83
\BOOKMARK [3][-]{subsubsection*.22}{Space\040Representation}{subsection.13.3.3}% 84
\BOOKMARK [3][-]{subsubsection*.23}{Momentum\040Representation}{subsection.13.3.3}% 85
\BOOKMARK [3][-]{subsubsection*.24}{From\040position\040to\040momentum\040representation}{subsection.13.3.3}% 86
\BOOKMARK [2][-]{subsection.13.3.4}{Schrodinger\040Equation}{section.13.3}% 87
\BOOKMARK [3][-]{subsubsection*.25}{Stationary\040States}{subsection.13.3.4}% 88
\BOOKMARK [3][-]{subsubsection*.26}{Pictures}{subsection.13.3.4}% 89
\BOOKMARK [4][-]{paragraph*.27}{Schrodinger}{subsubsection*.26}% 90
\BOOKMARK [4][-]{paragraph*.28}{Heisenberg}{subsubsection*.26}% 91
\BOOKMARK [4][-]{paragraph*.29}{Interaction}{subsubsection*.26}% 92
\BOOKMARK [2][-]{subsection.13.3.5}{Operators}{section.13.3}% 93
\BOOKMARK [2][-]{subsection.13.3.6}{Matrix\040Mechanics}{section.13.3}% 94
\BOOKMARK [3][-]{subsubsection*.30}{Attualization\040of\0401925\040papers}{subsection.13.3.6}% 95
\BOOKMARK [2][-]{subsection.13.3.7}{Heisenberg\040Uncertainty\040relation}{section.13.3}% 96
\BOOKMARK [1][-]{section.13.4}{Many-body\040problem}{chapter.13}% 97
\BOOKMARK [0][-]{chapter.14}{Quantum\040Mechanics\040-\040Notes}{part.4}% 98
\BOOKMARK [0][-]{chapter.15}{Wave\040quantum\040mechanics}{part.4}% 99
\BOOKMARK [1][-]{section.15.1}{De\040Broglie}{chapter.15}% 100
\BOOKMARK [1][-]{section.15.2}{Schrodinger}{chapter.15}% 101
\BOOKMARK [2][-]{subsection.15.2.1}{Derivation}{section.15.2}% 102
\BOOKMARK [2][-]{subsection.15.2.2}{Energy\040eigen-states}{section.15.2}% 103
\BOOKMARK [2][-]{subsection.15.2.3}{Space\040and\040momentum\040operators}{section.15.2}% 104
\BOOKMARK [0][-]{chapter.16}{Angular\040Momentum}{part.4}% 105
\BOOKMARK [1][-]{section.16.1}{Spatial\040Angular\040Momentum}{chapter.16}% 106
\BOOKMARK [2][-]{subsection.16.1.1}{Eigenproblem\040of\040angular\040momentum\040operators}{section.16.1}% 107
\BOOKMARK [1][-]{section.16.2}{Spin}{chapter.16}% 108
\BOOKMARK [2][-]{subsection.16.2.1}{Properties}{section.16.2}% 109
\BOOKMARK [1][-]{section.16.3}{Total\040Angular\040Momentum}{chapter.16}% 110
\BOOKMARK [2][-]{subsection.16.3.1}{Eigenvalue\040problem\040of\040the\040total\040angular\040momentum\040for\040an\040electron}{section.16.3}% 111
\BOOKMARK [0][-]{chapter.17}{Density\040Operator}{part.4}% 112
\BOOKMARK [0][-]{chapter.18}{Decoherence}{part.4}% 113
\BOOKMARK [1][-]{section.18.1}{Example:\040two-dimensional\040system\040interacting\040with\040a\040large-dimensional\040environment}{chapter.18}% 114
\BOOKMARK [2][-]{subsection.18.1.1}{State\040of\040the\040system}{section.18.1}% 115
\BOOKMARK [2][-]{subsection.18.1.2}{Evolution\040of\040the\040system}{section.18.1}% 116
\BOOKMARK [2][-]{subsection.18.1.3}{Decoherence\040time}{section.18.1}% 117
\BOOKMARK [0][-]{chapter.19}{Interaction\040picture,\040perturbation\040theory\040and\040Einstein\040coefficients}{part.4}% 118
\BOOKMARK [1][-]{section.19.1}{Interaction\040picture}{chapter.19}% 119
\BOOKMARK [1][-]{section.19.2}{Perturbation\040theory}{chapter.19}% 120
\BOOKMARK [1][-]{section.19.3}{Einstein\040coefficients}{chapter.19}% 121
\BOOKMARK [0][-]{chapter.20}{Historical\040Approach\040to\040Quantum\040Mechanics}{part.4}% 122
\BOOKMARK [1][-]{section.20.1}{Topics}{chapter.20}% 123
\BOOKMARK [1][-]{section.20.2}{Origins\040of\040Matrix\040and\040Wave\040Quantum\040Mechanics}{chapter.20}% 124
\BOOKMARK [2][-]{subsection.20.2.1}{Origins\040of\040Matrix\040Mechanics}{section.20.2}% 125
\BOOKMARK [1][-]{section.20.3}{Timeline}{chapter.20}% 126
\BOOKMARK [1][-]{section.20.4}{Origin\040of\040matrix\040mechanics}{chapter.20}% 127
\BOOKMARK [2][-]{subsection.20.4.1}{Light\040dispersion}{section.20.4}% 128
\BOOKMARK [3][-]{subsubsection*.33}{First\040experiences}{subsection.20.4.1}% 129
\BOOKMARK [3][-]{subsubsection*.34}{Classical\040dispersion}{subsection.20.4.1}% 130
\BOOKMARK [4][-]{paragraph*.35}{Drude-Lorentz\040model}{subsubsection*.34}% 131
\BOOKMARK [4][-]{paragraph*.36}{Einstein}{subsubsection*.34}% 132
\BOOKMARK [4][-]{paragraph*.37}{Ladenburg}{subsubsection*.34}% 133
\BOOKMARK [2][-]{subsection.20.4.2}{Light\040matter\040interaction}{section.20.4}% 134
\BOOKMARK [3][-]{subsubsection*.38}{Einstein:\040quantum\040theory\040of\040radiation\040interacting\040with\040matter}{subsection.20.4.2}% 135
\BOOKMARK [2][-]{subsection.20.4.3}{Radiation of moving charges - Larmor’s formula}{section.20.4}% 136
\BOOKMARK [3][-]{subsubsection*.40}{Green’s function solution of wave equations: Liénard-Wiechert potential}{subsection.20.4.3}% 137
\BOOKMARK [3][-]{subsubsection*.41}{Larmor\040formula}{subsection.20.4.3}% 138
\BOOKMARK [2][-]{subsection.20.4.4}{Modern\040reinterpretation\040of\040Heisenberg\040mechanics}{section.20.4}% 139
\BOOKMARK [3][-]{subsubsection*.42}{Heisenberg\040Equations\040of\040Motion\040in\040the\040Heisenberg\040Picture}{subsection.20.4.4}% 140
\BOOKMARK [3][-]{subsubsection*.43}{Matrix\040components\040in\040energy\040basis\040of\040the\040equations\040of\040motion}{subsection.20.4.4}% 141
\BOOKMARK [3][-]{subsubsection*.44}{Equations of motion as Hamilton’s equations}{subsection.20.4.4}% 142
\BOOKMARK [3][-]{subsubsection*.45}{CCR\040and\040quantization\040rule}{subsection.20.4.4}% 143
\BOOKMARK [4][-]{paragraph*.46}{Modern\040approach.\040Matrix\040form\040of\040the\040CCR}{subsubsection*.45}% 144
\BOOKMARK [4][-]{paragraph*.47}{From\040Bohr-Sommerfeld\040quantization\040to\040CCR}{subsubsection*.45}% 145
\BOOKMARK [3][-]{subsubsection*.48}{CCR\040in\040Energy\040Basis\040and\040Ladenburg\040Dispersion\040Formula}{subsection.20.4.4}% 146
\BOOKMARK [3][-]{subsubsection*.49}{Application:\040The\040Linear\040Harmonic\040Oscillator}{subsection.20.4.4}% 147
\BOOKMARK [3][-]{subsubsection*.50}{Transition\040Probabilities\040as\040Dipole\040Matrix\040Elements}{subsection.20.4.4}% 148
\BOOKMARK [3][-]{subsubsection*.51}{Perturbation\040Theory\040for\040Transition\040Probabilities\040in\040Weak\040Electric\040Fields}{subsection.20.4.4}% 149
\BOOKMARK [4][-]{paragraph*.52}{First-Order\040Amplitude}{subsubsection*.51}% 150
\BOOKMARK [4][-]{paragraph*.53}{Resonant\040Approximation\040\(Rotating\040Wave\040Approximation\)}{subsubsection*.51}% 151
\BOOKMARK [4][-]{paragraph*.54}{Second-Order\040Expansion\040for\040|cn\(t\)|2}{subsubsection*.51}% 152
\BOOKMARK [1][-]{section.20.5}{Origin\040of\040wave\040theory\040of\040quantum\040mechanics}{chapter.20}% 153
\BOOKMARK [2][-]{subsection.20.5.1}{L.\040de\040Broglie,\040Researches\040of\040the\040Quantum\040Theory}{section.20.5}% 154
\BOOKMARK [2][-]{subsection.20.5.2}{E. Schrodinger, “An Undulatory Theory of the Mechanics of Atoms and Molecules”}{section.20.5}% 155
\BOOKMARK [0][-]{chapter.21}{Atomic\040models}{part.4}% 156
\BOOKMARK [1][-]{section.21.1}{Thomson\040model}{chapter.21}% 157
\BOOKMARK [1][-]{section.21.2}{Rutherford\040model}{chapter.21}% 158
\BOOKMARK [1][-]{section.21.3}{Bohr\040model}{chapter.21}% 159
\BOOKMARK [1][-]{section.21.4}{Sommerfeld\040model}{chapter.21}% 160
\BOOKMARK [2][-]{subsection.21.4.1}{Key\040Postulates\040and\040Mathematical\040Framework}{section.21.4}% 161
\BOOKMARK [3][-]{subsubsection*.55}{Elliptical\040Orbits}{subsection.21.4.1}% 162
\BOOKMARK [3][-]{subsubsection*.56}{Relativistic\040Correction\040and\040Energy\040Splitting}{subsection.21.4.1}% 163
\BOOKMARK [2][-]{subsection.21.4.2}{Major\040Achievements}{section.21.4}% 164
\BOOKMARK [2][-]{subsection.21.4.3}{Limitations\040and\040Transition\040to\040Quantum\040Mechanics}{section.21.4}% 165
\BOOKMARK [2][-]{subsection.21.4.4}{Analytical\040mechanics\040-\040short\040notes}{section.21.4}% 166
\BOOKMARK [3][-]{subsubsection*.57}{Lagrangian\040and\040Hamiltonian\040mechanics}{subsection.21.4.4}% 167
\BOOKMARK [3][-]{subsubsection*.58}{Canonical\040Transformations\040and\040Hamilton-Jacobi\040Theory}{subsection.21.4.4}% 168
\BOOKMARK [3][-]{subsubsection*.59}{The\040Hamilton-Jacobi\040Equation}{subsection.21.4.4}% 169
\BOOKMARK [3][-]{subsubsection*.60}{Action-Angle\040Variables}{subsection.21.4.4}% 170
\BOOKMARK [4][-]{paragraph*.61}{Definition\040of\040Action\040Variables}{subsubsection*.60}% 171
\BOOKMARK [4][-]{paragraph*.62}{Angle\040Variables\040and\040Frequencies}{subsubsection*.60}% 172
\BOOKMARK [3][-]{subsubsection*.63}{4.\040The\040Wilson-Sommerfeld\040Quantization\040Postulate}{subsection.21.4.4}% 173
\BOOKMARK [4][-]{paragraph*.64}{The\040Quantization\040Rule}{subsubsection*.63}% 174
\BOOKMARK [4][-]{paragraph*.65}{Summary\040of\040Connection\040to\040Quantum\040Mechanics}{subsubsection*.63}% 175
\BOOKMARK [1][-]{section.21.5}{Schrodinger\040model}{chapter.21}% 176
\BOOKMARK [2][-]{subsection.21.5.1}{Schrodinger\040model\040-\040Mathematical\040details\040of\040the\040analytical\040solution}{section.21.5}% 177
\BOOKMARK [2][-]{subsection.21.5.2}{Schrodinger\040model\040-\040Gallery}{section.21.5}% 178
\BOOKMARK [3][-]{subsubsection*.66}{Stationary\040states}{subsection.21.5.2}% 179
\BOOKMARK [3][-]{subsubsection*.67}{Real\040orbitals}{subsection.21.5.2}% 180
\BOOKMARK [3][-]{subsubsection*.68}{Some\040details}{subsection.21.5.2}% 181
\BOOKMARK [4][-]{paragraph*.69}{Radial\040and\040spherical\040factors}{subsubsection*.68}% 182
\BOOKMARK [5][-]{subparagraph*.70}{Radial wavefunctions, Rn, ℓ\(r\)}{paragraph*.69}% 183
\BOOKMARK [5][-]{subparagraph*.71}{Polar and azimuthal wavefunctions, Ymℓℓ\(θ,φ\) = Θℓ, mℓ\(θ\) Φmℓ\(φ\)}{paragraph*.69}% 184
\BOOKMARK [2][-]{subsection.21.5.3}{Auxiliary Results on Operators for the Schrödinger Model of the Hydrogen Atom}{section.21.5}% 185
\BOOKMARK [3][-]{subsubsection*.72}{Hamiltonian\040&\040Basic\040Definitions}{subsection.21.5.3}% 186
\BOOKMARK [3][-]{subsubsection*.73}{Canonical\040Commutation\040Relations\040\(CCR\)}{subsection.21.5.3}% 187
\BOOKMARK [3][-]{subsubsection*.74}{Commutators\040of\040Angular\040Momentum\040with\040Position\040and\040Momentum}{subsection.21.5.3}% 188
\BOOKMARK [4][-]{paragraph*.75}{Commutator\040[ra,\040Lb]}{subsubsection*.74}% 189
\BOOKMARK [4][-]{paragraph*.76}{Commutator\040[pa,\040Lb]}{subsubsection*.74}% 190
\BOOKMARK [4][-]{paragraph*.77}{Commutator\040[p2,\040Lb]}{subsubsection*.74}% 191
\BOOKMARK [3][-]{subsubsection*.78}{Commutator\040of\040Coulomb\040Potential\040V\040with\040Angular\040Momentum\040Lb}{subsection.21.5.3}% 192
\BOOKMARK [0][-]{chapter.22}{Analtycal\040Mechanics\040-\040Notes\040for\040Quantum\040Mechanics}{part.4}% 193
\BOOKMARK [1][-]{section.22.1}{Lagrange\040and\040Hamiltonian\040Mechanics}{chapter.22}% 194
\BOOKMARK [1][-]{section.22.2}{Canonical\040transformations}{chapter.22}% 195
\BOOKMARK [1][-]{section.22.3}{Generating\040functions}{chapter.22}% 196
\BOOKMARK [1][-]{section.22.4}{Hamilton-Jacobi\040formulation\040of\040mechanics}{chapter.22}% 197
\BOOKMARK [2][-]{subsection.22.4.1}{Action\040functional\040and\040type-2\040generating\040function}{section.22.4}% 198
\BOOKMARK [1][-]{section.22.5}{Angle-action\040variables}{chapter.22}% 199
\BOOKMARK [-1][-]{part.5}{V\040Solid\040State\040Physics}{}% 200
\BOOKMARK [0][-]{chapter.23}{Introduction\040to\040Solid\040State\040Physics}{part.5}% 201
\BOOKMARK [0][-]{chapter.24}{Notes\040about\040Solid\040State\040Physics}{part.5}% 202
\BOOKMARK [1][-]{section.24.1}{Crystals}{chapter.24}% 203
\BOOKMARK [2][-]{subsection.24.1.1}{Bloch’s theorem}{section.24.1}% 204
\BOOKMARK [0][-]{chapter.25}{Introduction\040to\040Semiconductors}{part.5}% 205
\BOOKMARK [1][-]{section.25.1}{Introduction\040to\040the\040QM\040of\040Solids}{chapter.25}% 206
\BOOKMARK [2][-]{subsection.25.1.1}{Energy\040bands}{section.25.1}% 207
\BOOKMARK [3][-]{subsubsection*.81}{Energy\040level\040splitting}{subsection.25.1.1}% 208
\BOOKMARK [3][-]{subsubsection*.82}{Kronig-Penny\040model}{subsection.25.1.1}% 209
\BOOKMARK [3][-]{subsubsection*.84}{Nearly\040free\040electron\040model}{subsection.25.1.1}% 210
\BOOKMARK [1][-]{section.25.2}{Semiconductors\040in\040Equilibrium}{chapter.25}% 211
\BOOKMARK [2][-]{subsection.25.2.1}{Structure\040of\040a\040semi-semiconductor}{section.25.2}% 212
\BOOKMARK [3][-]{subsubsection*.85}{Intrinsic\040semiconductor}{subsection.25.2.1}% 213
\BOOKMARK [3][-]{subsubsection*.86}{Doped\040semiconductors}{subsection.25.2.1}% 214
\BOOKMARK [4][-]{paragraph*.87}{p-type}{subsubsection*.86}% 215
\BOOKMARK [4][-]{paragraph*.88}{n-type}{subsubsection*.86}% 216
\BOOKMARK [4][-]{paragraph*.89}{Full\040ionization}{subsubsection*.86}% 217
\BOOKMARK [2][-]{subsection.25.2.2}{Electric\040charge\040density}{section.25.2}% 218
\BOOKMARK [1][-]{section.25.3}{Carrier\040Transport\040Phenomena}{chapter.25}% 219
\BOOKMARK [2][-]{subsection.25.3.1}{Currents\040in\040semiconductors}{section.25.3}% 220
\BOOKMARK [2][-]{subsection.25.3.2}{Einstein\040relation}{section.25.3}% 221
\BOOKMARK [2][-]{subsection.25.3.3}{Balance\040equations}{section.25.3}% 222
\BOOKMARK [1][-]{section.25.4}{Non-equilibrium\040Excess\040Carriers\040in\040Semiconductors}{chapter.25}% 223
\BOOKMARK [1][-]{section.25.5}{p-n\040Junctions}{chapter.25}% 224
\BOOKMARK [2][-]{subsection.25.5.1}{Introduction\040to\040the\040pn\040Junction\040and\040its\040Operational\040Regimes}{section.25.5}% 225
\BOOKMARK [2][-]{subsection.25.5.2}{The\040Depletion\040Approximation\040and\040Shockley\040Transport}{section.25.5}% 226
\BOOKMARK [3][-]{subsubsection*.90}{Zero\040Bias\040\(Thermal\040Equilibrium\)}{subsection.25.5.2}% 227
\BOOKMARK [3][-]{subsubsection*.91}{Forward\040Bias\040Under\040Shockley\040Assumptions}{subsection.25.5.2}% 228
\BOOKMARK [2][-]{subsection.25.5.3}{Advanced\040Description:\040Quasi-Fermi\040Levels\040and\040Non-Equilibrium\040Transport}{section.25.5}% 229
\BOOKMARK [1][-]{section.25.6}{p-n\040Diodes}{chapter.25}% 230
\BOOKMARK [0][-]{section*.94}{Proof\040Index}{part.5}% 231
